[sites.google.com/view/nkarapetyan.html]
[ssl.gstatic.com/atari/images/favicon_2.ico]
[backblue.gif]
[fade.gif]
[index.html]
[ssl.gstatic.com/atari/images/simple-header-blended-small.png]
[apis.google.com/js/clientc932.js]
[sites.google.com/view/nkarapetyan/about.html]
[sites.google.com/view/nkarapetyan/publications.html]
[sites.google.com/view/nkarapetyan/project-page.html]
[lh3.googleusercontent.com/unnamed.jpg]
[lh6.googleusercontent.com/unnamed.png]
[lh4.googleusercontent.com/unnamed.png]
[lh5.googleusercontent.com/unnamed.png]
[lh5.googleusercontent.com/unnamed-2.png]
[sites.google.com/view/nkarapetyan.html]
[fonts.googleapis.com/cssbf1a.css]
[fonts.googleapis.com/css9f00.css]
[fonts.googleapis.com/css9bbd.css]
[www.gstatic.com/_/atari/_/ss/k=atari.vw.0XopOYowshw.L.X.O/d=1/ct=zgms/rs=AGEqA5m9xej2TNGkcGWUObxsePaI8L3Gxw.css]
[sites.google.com/view/nkarapetyan/about.html]
[sites.google.com/view/nkarapetyan/publications.html]
[lh5.googleusercontent.com/unnamed.jpg]
[sites.google.com/view/nkarapetyan/project-page.html]
[lh3.googleusercontent.com/unnamed.jpg]
[lh6.googleusercontent.com/unnamed.png]
[apis.google.com/js/clientc932.js]
[lh4.googleusercontent.com/unnamed.png]
[lh5.googleusercontent.com/unnamed.jpg]
[ssl.gstatic.com/atari/images/simple-header-blended-small.png]
[sites.google.com/view/nkarapetyan/about.html]
